[1/40] Building CXX object source/webCore/CMakeFiles/webcore.dir/browser/css_utils.cpp.obj
FAILED: [code=1] source/webCore/CMakeFiles/webcore.dir/browser/css_utils.cpp.obj 
C:\msys64\ucrt64\bin\g++.exe -DUSE_ZEPRASCRIPT -DWIN32_LEAN_AND_MEAN -DZEPRA_HAS_FREETYPE -DZEPRA_HAS_OPENGL -D_CRT_SECURE_NO_WARNINGS -IC:/Users/Lenovo/Music/Zepra/build-win/generated -IC:/Users/Lenovo/Music/Zepra/source/integration/include -IC:/Users/Lenovo/Music/Zepra/external -IC:/Users/Lenovo/Music/Zepra/source/NXNet -IC:/Users/Lenovo/Music/Zepra/source/NXNet/networking/include -IC:/Users/Lenovo/Music/Zepra/source/NXNet/nxbase/include -IC:/Users/Lenovo/Music/Zepra/source/NXNet/nxbase -IC:/Users/Lenovo/Music/Zepra/source/NXNet/nxhttp/include -IC:/Users/Lenovo/Music/Zepra/source/NXNet/nxcrypto/include -IC:/Users/Lenovo/Music/Zepra/source/zepraScript -IC:/Users/Lenovo/Music/Zepra/source/webCore -IC:/Users/Lenovo/Music/Zepra/source/webCore/../zepraScript/include -IC:/Users/Lenovo/Music/Zepra/source/webCore/../NXNet/networking/include -IC:/Users/Lenovo/Music/Zepra/source/webCore/../NXNet/networking -IC:/Users/Lenovo/Music/Zepra/include -IC:/Users/Lenovo/Music/Zepra/source/integration -IC:/Users/Lenovo/Music/Zepra/source/nxrender-cpp -IC:/Users/Lenovo/Music/Zepra/UI -IC:/Users/Lenovo/Music/Zepra/source/zepraEngine -IC:/Users/Lenovo/Music/Zepra/source/nxrender-cpp/include -IC:/Users/Lenovo/Music/Zepra/source/NXNet/nxhttp -isystem C:/msys64/ucrt64/include/freetype2 -std=gnu++20 -MD -MT source/webCore/CMakeFiles/webcore.dir/browser/css_utils.cpp.obj -MF source\webCore\CMakeFiles\webcore.dir\browser\css_utils.cpp.obj.d -o source/webCore/CMakeFiles/webcore.dir/browser/css_utils.cpp.obj -c C:/Users/Lenovo/Music/Zepra/source/webCore/browser/css_utils.cpp
ninja: build stopped: subcommand failed.
